### Write /etc/network/interfaces
auto lo
iface lo inet loopback
source /etc/network/interfaces.d/*.cfg
### Write /etc/network/interfaces.d/eth0.cfg
auto eth0
iface eth0 inet dhcp
### Write /etc/network/interfaces.d/eth1.cfg
auto eth1
iface eth1 inet dhcp
### Write /etc/network/interfaces.d/eth3.cfg
auto eth3
iface eth3 inet dhcp
