### Write /etc/sysconfig/network-scripts/ifcfg-eth0
# Automatically generated, do not edit
DEVICE=eth0
BOOTPROTO=dhcp
HWADDR=bc:76:4e:01:62:86
ONBOOT=yes
%NM_CONTROLLED%
TYPE=Ethernet
### Write /etc/sysconfig/network-scripts/ifcfg-eth1
# Automatically generated, do not edit
DEVICE=eth1
BOOTPROTO=dhcp
HWADDR=bc:76:4e:05:7b:06
ONBOOT=yes
%NM_CONTROLLED%
TYPE=Ethernet
### Write /etc/sysconfig/network-scripts/ifcfg-eth3
# Automatically generated, do not edit
DEVICE=eth3
BOOTPROTO=dhcp
HWADDR=bc:76:4e:12:a4:bb
ONBOOT=yes
%NM_CONTROLLED%
TYPE=Ethernet
