### Write /etc/resolv.conf
nameserver 72.3.128.241
nameserver 72.3.128.240
### Write /etc/sysconfig/network-scripts/ifcfg-eth0
# Automatically generated, do not edit
DEVICE=eth0
BOOTPROTO=static
HWADDR=bc:76:4e:01:62:86
IPADDR=23.253.229.154
NETMASK=255.255.255.0
ONBOOT=yes
%NM_CONTROLLED%
DEFROUTE=yes
GATEWAY=23.253.229.1
### Write /etc/sysconfig/network-scripts/ifcfg-eth1
# Automatically generated, do not edit
DEVICE=eth1
BOOTPROTO=static
HWADDR=bc:76:4e:05:7b:06
IPADDR=10.208.169.118
NETMASK=255.255.224.0
ONBOOT=yes
%NM_CONTROLLED%
### Write /etc/sysconfig/network-scripts/ifcfg-eth3
# Automatically generated, do not edit
DEVICE=eth3
BOOTPROTO=dhcp
HWADDR=bc:76:4e:12:a4:bb
ONBOOT=yes
%NM_CONTROLLED%
TYPE=Ethernet
### Write /etc/sysconfig/network-scripts/route-eth1
ADDRESS0=10.176.0.0
NETMASK0=255.240.0.0
GATEWAY0=10.208.160.1
ADDRESS1=10.208.0.0
NETMASK1=255.240.0.0
GATEWAY1=10.208.160.1
