### Write /etc/systemd/resolved.conf
[Resolve]
DNS = 72.3.128.241 72.3.128.240

### Write /etc/systemd/network/eth0.network
# Automatically generated, do not edit
[Match]
MACAddress=bc:76:4e:01:62:86
Name=eth0

[Network]
IPv6AcceptRA=no

[Address]
Address=23.253.229.154/24

[Route]
Destination=0.0.0.0/0
Gateway=23.253.229.1

### Write /etc/systemd/network/eth1.network
# Automatically generated, do not edit
[Match]
MACAddress=bc:76:4e:05:7b:06
Name=eth1

[Network]
IPv6AcceptRA=no

[Address]
Address=10.208.169.118/19

[Route]
Destination=10.176.0.0/12
Gateway=10.208.160.1

[Route]
Destination=10.208.0.0/12
Gateway=10.208.160.1

### Write /etc/systemd/network/eth3.network
# Automatically generated, do not edit
[Match]
MACAddress=bc:76:4e:12:a4:bb
Name=eth3

[Network]
DHCP=ipv4
IPv6AcceptRA=no

