1 NTR 7.0914548591144335
1 LYS 11.399726168396725
7 GLU 3.364512319768192
13 LYS 11.310219425489315
15 HIS 5.502781331162538
18 ASP 3.656956726860263
20 TYR 9.786104423042625
23 TYR 9.767831855940235
24 SER None
33 LYS 10.409901650275046
35 GLU 5.403370763195583
36 SER None
40 THR None
43 THR None
47 THR None
48 ASP 1.3658536585365852
50 SER None
51 THR None
52 ASP 3.892177390895189
53 TYR None
60 SER None
66 ASP 2.286698312236287
69 THR None
72 SER None
81 SER None
85 SER None
86 SER None
87 ASP 2.547747346832161
89 THR None
91 SER None
96 LYS 11.323074473167365
97 LYS 10.881483137079604
100 SER None
101 ASP 3.947931551661018
116 LYS 10.346108851276657
118 THR None
119 ASP 2.2443883567453504
129 CTR 2.364254507105911
