    1 NTR 7.934083369392759       
    1 TYR 9.783344629543752       
    2 CTR 3.010420419338569       
