    1 NTR 7.931056701030927       
    2 CTR 3.0073796144818266      
