   1-PID-1-1  1-PID-1-2  1-PID-2-1  1-PID-2-2  1-PFA-0-1  1-PFA-0-2  1-PFA-1-1  1-PFA-1-2
1   0.061364   0.048515   0.033256   0.020352   7.634901   6.856130  14.685934  12.565554
2   0.061364   0.067687   0.027976   0.033571   5.601088   6.558925   9.683363  10.133710
3   0.061364   0.078564   0.057184   0.046485  12.575335  11.127772  14.287231  12.392118
4   0.061364   0.033446   0.054879   0.026247   9.566818  10.176966  13.955909  12.324853
5   0.061364   0.053194   0.024307   0.024578   8.962879   7.772640  10.043096   9.005398