   1-PID-1-1  1-PID-1-2  1-PID-2-1  1-PID-2-2  1-PFA-0-1  1-PFA-0-2  1-PFA-1-1  1-PFA-1-2
1   0.080000   0.080000   0.080000   0.080000   10.00000   10.00000   10.00000   10.00000