1 NTR 7.2708826024949005
1 LYS 10.247358820399787
7 GLU 2.944160930453359
13 LYS None
15 HIS 6.21721164533362
18 ASP 2.5421777834568533
20 TYR 9.409792571152918
23 TYR 9.608673607355326
33 LYS 10.475373508472877
35 GLU 3.8276187874234457
48 ASP 1.565374190288051
52 ASP 2.9235999489730835
53 TYR 10.641187050359711
66 ASP 2.028179971474262
87 ASP 1.744563973449302
96 LYS None
97 LYS None
101 ASP 3.262432650609195
116 LYS 10.184099798506578
119 ASP 2.387436342705508
129 CTR 1.5609585756874518
