    1 NTR 7.436243954862977    A  
    1 LYS 10.38343658298011    A  
    7 GLU 3.270669540958661    A  
   13 LYS 11.185447421177328   A  
   15 HIS 5.721977625405991    A  
   18 ASP 3.1467348396556263   A  
   20 TYR 10.234760852612425   A  
   23 TYR 9.62216181031512     A  
   24 SER None                 A  
   33 LYS 9.066692907995618    A  
   35 GLU 4.760520208857088    A  
   36 SER None                 A  
   40 THR None                 A  
   43 THR None                 A  
   47 THR None                 A  
   48 ASP 2.0749896184192314   A  
   50 SER None                 A  
   51 THR None                 A  
   52 ASP 2.837970294910756    A  
   53 TYR 11.216992599478031   A  
   60 SER None                 A  
   66 ASP 2.621881674928465    A  
   69 THR None                 A  
   72 SER None                 A  
   81 SER None                 A  
   85 SER None                 A  
   86 SER None                 A  
   87 ASP 2.5711121711871336   A  
   89 THR None                 A  
   91 SER None                 A  
   96 LYS 11.164805773721078   A  
   97 LYS 11.096740732123468   A  
  100 SER None                 A  
  101 ASP 3.749534008581276    A  
  116 LYS 10.104388635210553   A  
  118 THR None                 A  
  119 ASP 2.70851766088339     A  
  129 CTR 1.9159387844979447   A  
