#
#  Generated by ALIS on 18/10/16 at 15:19:12
#
#   Running Time (hrs)  = 0.001082
#   Initial Chi-Squared = 25517.886155
#   Bestfit Chi-Squared = 1077.242298
#   Degrees-of-Freedom  = 231
#   Num. of Iterations  = 15
#   Convergence Reason  = The relative reduction in the sum of squares is less than atol

run blind False
run nsubpix 20
chisq ftol 1.0E-10
chisq atol 0.001
chisq miniter 10
chisq maxiter 1000
out fits False
out plots spec1d_J0018p2345_KASTb_coadd.pdf
plot dims 3x3
plot labels True
plot fits False

data read
  spec1d_J0018p2345_KASTb_coadd.dat  specid=0  fitrange=[4917.0,4957.0]  loadrange=[4907.0,4967.0]  resolution=vfwhm(282.946vtie)  columns=[wave,flux,error]  label=Hb4863
  spec1d_J0018p2345_KASTb_coadd.dat  specid=1  fitrange=[4388.0,4428.0]  loadrange=[4378.0,4438.0]  resolution=vfwhm(282.946vtie)  columns=[wave,flux,error]  label=Hg4342
  spec1d_J0018p2345_KASTb_coadd.dat  specid=2  fitrange=[4146.0,4186.0]  loadrange=[4136.0,4196.0]  resolution=vfwhm(282.946vtie)  columns=[wave,flux,error]  label=Hd4103
  spec1d_J0018p2345_KASTb_coadd.dat  specid=3  fitrange=[4012.0,4052.0]  loadrange=[4002.0,4062.0]  resolution=vfwhm(282.946vtie)  columns=[wave,flux,error]  label=He3970
  spec1d_J0018p2345_KASTb_coadd.dat  specid=4  fitrange=[3772.0,3802.0]  loadrange=[3767.0,3807.0]  resolution=vfwhm(282.946vtie)  columns=[wave,flux,error]  label=[OII]3727+3729
  spec1d_J0018p2345_KASTb_coadd.dat  specid=5  fitrange=[5021.0,5051.0]  loadrange=[5016.0,5056.0]  resolution=vfwhm(282.946vtie)  columns=[wave,flux,error]  label=[OIII]4960
  spec1d_J0018p2345_KASTb_coadd.dat  specid=6  fitrange=[5065.0,5105.0]  loadrange=[5060.0,5110.0]  resolution=vfwhm(282.946vtie)  columns=[wave,flux,error]  label=[OIII]5008
data end

model read
fix vfwhm value False
fix gaussian dispersion True
 emission
  legendre   136.86663193      -8.85011622        scale=1.0,1.0  specid=0  continuum=True
  legendre   195.06532795      11.12511048        scale=1.0,1.0  specid=1  continuum=True
  legendre   205.78720694      -7.67128769        scale=1.0,1.0  specid=2  continuum=True
  legendre   238.51636060      4.99858582        scale=1.0,1.0  specid=3  continuum=True
  legendre   254.20178241      -61.15994519        scale=1.0,1.0  specid=4  continuum=True
  legendre   154.08236287      31.95230380        scale=1.0,1.0  specid=5  continuum=True
  legendre   152.53327300      35.17673753        scale=1.0,1.0  specid=6  continuum=True
  gaussian   7.85749594E+03  0.01540425ra      30.00000000dh        specid=0  IntFlux=True    wave=4862.721
  gaussian   3.59948935E+03  0.01540425ra      30.00000000dh        specid=1  IntFlux=True    wave=4341.684
  gaussian   1.65562745E+03  0.01540425ra      30.00000000dh        specid=2  IntFlux=True    wave=4102.891
  gaussian   1.56279300E+03  0.01540425ra      30.00000000dh        specid=3  IntFlux=True    wave=3971.195
  gaussian   3.46048372E+03  0.01540425ra      30.00000000do        specid=4  IntFlux=True    wave=3727.092
  gaussian   4.88103542E+03  0.01540425ra      30.00000000do        specid=4  IntFlux=True    wave=3729.874
  gaussian   4.79330012E+03orata  0.01540425ra      30.00000000dox        specid=5  IntFlux=True    wave=4960.295
  gaussian   1.43799004E+04oratb  0.01540425ra      30.00000000dox        specid=6  IntFlux=True    wave=5008.239
model end

link read
oratb(orata) = orata*3.0
link end

#
# Errors:
#
#emission
# legendre   4.83938676      15.35821602        scale=1.0,1.0  specid=0  continuum=True
# legendre   7.08376397      21.93070237        scale=1.0,1.0  specid=1  continuum=True
# legendre   7.53275066      22.28386888        scale=1.0,1.0  specid=2  continuum=True
# legendre   10.32401860      33.21308807        scale=1.0,1.0  specid=3  continuum=True
# legendre   14.91070787      41.98922735        scale=1.0,1.0  specid=4  continuum=True
# legendre   5.34940707      16.10995876        scale=1.0,1.0  specid=5  continuum=True
# legendre   4.65726318      13.63971131        scale=1.0,1.0  specid=6  continuum=True
# gaussian   1.07203070E+02  0.00000346ra      0.00000000dh        specid=0  IntFlux=True    wave=4862.721
# gaussian   1.24076227E+02  0.00000346ra      0.00000000dh        specid=1  IntFlux=True    wave=4341.684
# gaussian   1.34774396E+02  0.00000346ra      0.00000000dh        specid=2  IntFlux=True    wave=4102.891
# gaussian   1.51170291E+02  0.00000346ra      0.00000000dh        specid=3  IntFlux=True    wave=3971.195
# gaussian   2.13668992E+02  0.00000346ra      0.00000000do        specid=4  IntFlux=True    wave=3727.092
# gaussian   2.14767652E+02  0.00000346ra      0.00000000do        specid=4  IntFlux=True    wave=3729.874
# gaussian   9.65686646E+01orata  0.00000346ra      0.00000000dox        specid=5  IntFlux=True    wave=4960.295
# gaussian   0.00000000E+00oratb  0.00000346ra      0.00000000dox        specid=6  IntFlux=True    wave=5008.239

# Convolution Models:
#  vfwhm   282.946vtie      
#
# Errors:
#
# vfwhm   2.315vtie      

# Shift Models:
#  Ashift   0.0000000      
#
# Errors:
#
# Ashift   0.0000000      


###################################################
#                                                 #
#          HERE IS A COPY OF THE INPUT MODEL      #
#                                                 #
###################################################
#
#   run blind False
#   run nsubpix 20
#   chisq ftol 1.0E-10
#   chisq atol 0.001
#   chisq miniter 10
#   chisq maxiter 1000
#   out fits False
#   out plots spec1d_J0018p2345_KASTb_coadd.pdf
#   plot dims 3x3
#   plot labels True
#   plot fits False
#   data read
#     spec1d_J0018p2345_KASTb_coadd.dat   specid=0   fitrange=[4917.0,4957.0]   loadrange=[4907.0,4967.0]   resolution=vfwhm(150.0vtie)   columns=[wave,flux,error]       label=Hb4863
#     spec1d_J0018p2345_KASTb_coadd.dat   specid=1   fitrange=[4388.0,4428.0]   loadrange=[4378.0,4438.0]   resolution=vfwhm(150.0vtie)   columns=[wave,flux,error]       label=Hg4342
#     spec1d_J0018p2345_KASTb_coadd.dat   specid=2   fitrange=[4146.0,4186.0]   loadrange=[4136.0,4196.0]   resolution=vfwhm(150.0vtie)   columns=[wave,flux,error]       label=Hd4103
#     spec1d_J0018p2345_KASTb_coadd.dat   specid=3   fitrange=[4012.0,4052.0]   loadrange=[4002.0,4062.0]   resolution=vfwhm(150.0vtie)   columns=[wave,flux,error]       label=He3970
#     spec1d_J0018p2345_KASTb_coadd.dat   specid=4   fitrange=[3772.0,3802.0]   loadrange=[3767.0,3807.0]   resolution=vfwhm(150.0vtie)   columns=[wave,flux,error]       label=[OII]3727+3729
#     spec1d_J0018p2345_KASTb_coadd.dat   specid=5   fitrange=[5021.0,5051.0]   loadrange=[5016.0,5056.0]   resolution=vfwhm(150.0vtie)   columns=[wave,flux,error]       label=[OIII]4960
#     spec1d_J0018p2345_KASTb_coadd.dat   specid=6   fitrange=[5065.0,5105.0]   loadrange=[5060.0,5110.0]   resolution=vfwhm(150.0vtie)   columns=[wave,flux,error]       label=[OIII]5008
#   data end
#   model read
#   fix vfwhm value False
#   fix gaussian dispersion True
#   emission
#       legendre 146.7779   0.01    scale=[1.0,1.0]   specid=0    continuum=True
#       legendre 222.0621   0.01    scale=[1.0,1.0]   specid=1    continuum=True
#       legendre 220.9873   0.01    scale=[1.0,1.0]   specid=2    continuum=True
#       legendre 278.4923   0.01    scale=[1.0,1.0]   specid=3    continuum=True
#       legendre 289.6434   0.01    scale=[1.0,1.0]   specid=4    continuum=True
#       legendre 169.9477   0.01    scale=[1.0,1.0]   specid=5    continuum=True
#       legendre 161.8335   0.01    scale=[1.0,1.0]   specid=6    continuum=True
#       gaussian 6547.75804488   0.01541ra   30.0dh   wave=4862.721    specid=0    IntFlux=True
#       gaussian 4038.49307181   0.01541ra   30.0dh   wave=4341.684    specid=1    IntFlux=True
#       gaussian 2312.54298859   0.01541ra   30.0dh   wave=4102.891    specid=2    IntFlux=True
#       gaussian 2603.38462088   0.01541ra   30.0dh   wave=3971.195    specid=3    IntFlux=True
#       gaussian 22165.9457491   0.01541ra   30.0do   wave=3727.092    specid=4    IntFlux=True
#       gaussian 7758.0810122   0.01541ra   30.0do   wave=3729.874    specid=4    IntFlux=True
#       gaussian 3654.59671255orata   0.01541ra   30.0dox   wave=4960.295    specid=5    IntFlux=True
#       gaussian 10963.7901376oratb   0.01541ra   30.0dox   wave=5008.239    specid=6    IntFlux=True
#   model end
#

