1 NTR 8.003005131149306
1 TYR 9.917878137210039
2 CTR 3.7672095395546803
