    1 NTR 7.410777679165742       
    1 LYS 10.370347660204002      
    7 GLU 2.8965110938030474      
   13 LYS None                    
   15 HIS 5.726922173858075       
   18 ASP 2.7683778888070547      
   20 TYR 9.915309193926785       
   23 TYR 9.386319106388996       
   24 SER None                    
   33 LYS 10.489262258753374      
   35 GLU 4.181233181233181       
   36 SER None                    
   40 THR None                    
   43 THR None                    
   47 THR None                    
   48 ASP 1.9239332323182952      
   50 SER None                    
   51 THR None                    
   52 ASP 2.2139391755149567      
   53 TYR 10.743145797340945      
   60 SER None                    
   66 ASP 2.4136309313031163      
   69 THR None                    
   72 SER None                    
   81 SER None                    
   85 SER None                    
   86 SER None                    
   87 ASP 2.1255277147994684      
   89 THR None                    
   91 SER None                    
   96 LYS None                    
   97 LYS None                    
  100 SER None                    
  101 ASP 3.3811188811188813      
  116 LYS 10.241441458807202      
  118 THR None                    
  119 ASP 2.4695061553700297      
  129 CTR 1.373601454300118       
