    1 NTR 8.199054937290231       
    2 CTR 3.099830508474576       
