    1 NTR 7.932515230635335    A  
    1 TYR 9.884779718110096    A  
    2 CTR 2.8373655675051106   A  
