    1 NTR 7.932515230635335       
    1 TYR 9.884779718110096       
    2 CTR 2.8373655675051106      
