  769 NTR 10.792369232976968   A  
  770 CYS None                 A  
  771 GLU 4.010003260890415    A  
  782 ASP None                 A  
  793 ASP None                 A  
  799 ASP 2.0326332157953524   A  
  801 ASP 1.0540321754278101   A  
  802 GLU 4.079350871731009    A  
  804 CTR 3.5223596867999754   A  
