    1 NTR 7.423739542051959       
   18 ASP 2.8497022976277133      
   35 GLU 4.278395263521122       
   48 ASP 2.7135698073794363      
   66 ASP 3.0788890257420864      
  129 CTR 1.6449628904042497      
