    1 NTR 7.668774975293259    A  
   18 ASP 3.2083443047169387   A  
   35 GLU 4.6773087182961435   A  
   48 ASP 3.017856790123458    A  
   66 ASP 3.312043638451601    A  
  129 CTR 2.056                A  
