    1 NTR 7.5351439903431645      
   18 ASP 3.255433112350178       
   35 GLU 4.619474578486473       
   48 ASP 2.3134230246724226      
   66 ASP 1.891644424338385       
  129 CTR 2.00831923042665        
