   1-PID-1-1  1-PID-1-2  1-PID-2-1  1-PID-2-2  1-PID-3-1  1-PID-3-2  1-PFA-0-1  1-PFA-0-2  1-PFA-1-1  1-PFA-1-2  1-PFA-2-1  1-PFA-2-2
1   0.080000   0.080000   0.080000   0.080000   0.040000   0.040000   7.84532    7.84532    7.84532    7.84532    2.94200    2.94200