   1-PID-1-1  1-PID-1-2  1-PID-2-1  1-PID-2-2  1-PFA-0-1  1-PFA-0-2  1-PFA-1-1  1-PFA-1-2
1   0.061364   0.048515   0.033256   0.020352   7.634901    6.85613  11.685934  10.565554