   1-PID-1-1  1-PID-1-2  1-PID-2-1  1-PID-2-2
1   0.042000   0.042000   0.042000   0.042000