    1 NTR 7.242283991665559    A  
    1 ASP 3.115283494887798    B  
   35 GLU 4.622119696447052    C  
   35 ASP 2.3149351529666955   D  
   66 ASP 1.8855224015144685   D  
    1 CTR 2.395771670190275    D  
