  769 NTR 11.23426435877262       
  770 CYS 24.30125978205222       
  771 GLU 4.017264339389327       
  776 TYR 18.59752245862884       
  780 TYR 24.40040678638754       
  782 ASP None                    
  786 THR None                    
  787 THR None                    
  793 ASP 22.780211657381866      
  799 ASP 0.48126431060228975     
  801 ASP 1.5060378425314513      
  802 GLU 3.9599154489122252      
  804 CTR 4.475875871985698       
  804 THR None                    
