#
#  Generated by ALIS on 18/10/16 at 15:20:16
#
#   Running Time (hrs)  = 0.000257
#   Initial Chi-Squared = 4369.046025
#   Bestfit Chi-Squared = 490.454547
#   Degrees-of-Freedom  = 92
#   Num. of Iterations  = 6
#   Convergence Reason  = The relative reduction in the sum of squares is less than atol

run blind False
run nsubpix 20
chisq ftol 1.0E-10
chisq atol 0.001
chisq miniter 10
chisq maxiter 1000
out fits False
out plots spec1d_J0018p2345_KASTr_coadd.pdf
plot dims 3x3
plot labels True
plot fits False

data read
  spec1d_J0018p2345_KASTr_coadd.dat  specid=0  fitrange=[6630.0,6700.0]  loadrange=[6625.0,6705.0]  resolution=vfwhm(112.739vtie)  columns=[wave,flux,error]  label=Ha+[NII]
  spec1d_J0018p2345_KASTr_coadd.dat  specid=1  fitrange=[6804.0,6854.0]  loadrange=[6794.0,6864.0]  resolution=vfwhm(112.739vtie)  columns=[wave,flux,error]  label=[SII]6718+6732
data end

model read
fix vfwhm value False
fix gaussian dispersion True
 emission
  legendre   81.33345461      13.72812617        scale=1.0,1.0  specid=0  continuum=True
  legendre   64.71638218      -0.61894027        scale=1.0,1.0  specid=1  continuum=True
  gaussian   2.40482980E+04  0.01536343ra      30.00000000dh        specid=0  IntFlux=True    wave=6564.613
  gaussian   45.59333286nrata      0.01536343ra      30.00000000dn        specid=0  IntFlux=True    wave=6549.852
  gaussian   136.77999858nratb      0.01536343ra      30.00000000dn        specid=0  IntFlux=True    wave=6585.277
  gaussian   693.44286861      0.01536343ra      30.00000000ds        specid=1  IntFlux=True    wave=6718.294
  gaussian   497.13039835      0.01536343ra      30.00000000ds        specid=1  IntFlux=True    wave=6732.673
model end

link read
nratb(nrata) = nrata*3.0
link end

#
# Errors:
#
#emission
# legendre   2.86496029      6.92298470        scale=1.0,1.0  specid=0  continuum=True
# legendre   3.21791087      9.56936811        scale=1.0,1.0  specid=1  continuum=True
# gaussian   1.32380884E+02  0.00000117ra      0.00000000dh        specid=0  IntFlux=True    wave=6564.613
# gaussian   15.78701551nrata      0.00000117ra      0.00000000dn        specid=0  IntFlux=True    wave=6549.852
# gaussian   0.00000000nratb      0.00000117ra      0.00000000dn        specid=0  IntFlux=True    wave=6585.277
# gaussian   49.00424871      0.00000117ra      0.00000000ds        specid=1  IntFlux=True    wave=6718.294
# gaussian   72.80031637      0.00000117ra      0.00000000ds        specid=1  IntFlux=True    wave=6732.673

# Convolution Models:
#  vfwhm   112.739vtie      
#
# Errors:
#
# vfwhm   0.875vtie      

# Shift Models:
#  Ashift   0.0000000      
#
# Errors:
#
# Ashift   0.0000000      


###################################################
#                                                 #
#          HERE IS A COPY OF THE INPUT MODEL      #
#                                                 #
###################################################
#
#   run blind False
#   run nsubpix 20
#   chisq ftol 1.0E-10
#   chisq atol 0.001
#   chisq miniter 10
#   chisq maxiter 1000
#   out fits False
#   out plots spec1d_J0018p2345_KASTr_coadd.pdf
#   plot dims 3x3
#   plot labels True
#   plot fits False
#   data read
#     spec1d_J0018p2345_KASTr_coadd.dat   specid=0   fitrange=[6630.0,6700.0]   loadrange=[6625.0,6705.0]   resolution=vfwhm(150.0vtie)   columns=[wave,flux,error]       label=Ha+[NII]
#     spec1d_J0018p2345_KASTr_coadd.dat   specid=1   fitrange=[6804.0,6854.0]   loadrange=[6794.0,6864.0]   resolution=vfwhm(150.0vtie)   columns=[wave,flux,error]       label=[SII]6718+6732
#   data end
#   model read
#   fix vfwhm value False
#   fix gaussian dispersion True
#   emission
#       legendre 84.1884   0.01    scale=[1.0,1.0]   specid=0    continuum=True
#       legendre 79.6454   0.01    scale=[1.0,1.0]   specid=1    continuum=True
#       gaussian 19741.9266277   0.01542ra   30.0dh   wave=6564.612    specid=0    IntFlux=True
#       gaussian 174.005646513nrata   0.01542ra   30.0dn   wave=6549.860    specid=0    IntFlux=True
#       gaussian 522.016939538nratb   0.01542ra   30.0dn   wave=6585.270    specid=0    IntFlux=True
#       gaussian 863.173473057   0.01542ra   30.0ds   wave=6718.290    specid=1    IntFlux=True
#       gaussian 674.435966799   0.01542ra   30.0ds   wave=6732.680    specid=1    IntFlux=True
#   model end
#

