### Write /etc/resolv.conf
nameserver 72.3.128.241
nameserver 72.3.128.240
### Write /etc/sysconfig/network-scripts/ifcfg-eth0
# Automatically generated, do not edit
DEVICE=eth0
BOOTPROTO=static
HWADDR=bc:76:4e:01:62:86
IPADDR=23.253.229.154
NETMASK=255.255.255.0
ONBOOT=yes
%NM_CONTROLLED%
DEFROUTE=yes
GATEWAY=23.253.229.1
### Write /etc/sysconfig/network-scripts/ifcfg-eth1
# Automatically generated, do not edit
DEVICE=eth1
BOOTPROTO=static
HWADDR=bc:76:4e:05:7b:06
IPADDR=10.208.169.118
NETMASK=255.255.224.0
ONBOOT=yes
%NM_CONTROLLED%
### Write /etc/sysconfig/network-scripts/ifcfg-eth3
# Automatically generated, do not edit
DEVICE=eth3
BOOTPROTO=dhcp
HWADDR=bc:76:4e:12:a4:bb
ONBOOT=yes
%NM_CONTROLLED%
TYPE=Ethernet
### Write /etc/sysconfig/network-scripts/ifcfg-eth4.25
# Automatically generated, do not edit
DEVICE=eth4.25
BOOTPROTO=dhcp
HWADDR=bc:76:4e:12:a4:bc
ONBOOT=yes
%NM_CONTROLLED%
TYPE=Ethernet
VLAN=yes
### Write /etc/sysconfig/network-scripts/ifcfg-eth4.26
# Automatically generated, do not edit
DEVICE=eth4.26
BOOTPROTO=dhcp
HWADDR=bc:76:4e:12:a4:bd
ONBOOT=yes
%NM_CONTROLLED%
TYPE=Ethernet
VLAN=yes
### Write /etc/sysconfig/network-scripts/ifcfg-eth5
# Automatically generated, do not edit
DEVICE=eth5
BOOTPROTO=none
HWADDR=bc:76:4e:05:7b:13
ONBOOT=yes
%NM_CONTROLLED%
TYPE=Ethernet
SLAVE=yes
MASTER=bond0
### Write /etc/sysconfig/network-scripts/ifcfg-eth6
# Automatically generated, do not edit
DEVICE=eth6
BOOTPROTO=none
HWADDR=bc:76:4e:05:7b:14
ONBOOT=yes
%NM_CONTROLLED%
TYPE=Ethernet
SLAVE=yes
MASTER=bond0
### Write /etc/sysconfig/network-scripts/ifcfg-bond0
# Automatically generated, do not edit
DEVICE=bond0
BOOTPROTO=dhcp
HWADDR=bc:76:4e:05:7b:13
ONBOOT=yes
%NM_CONTROLLED%
TYPE=Ethernet
### Write /etc/sysconfig/network-scripts/ifcfg-eth7
# Automatically generated, do not edit
DEVICE=eth7
BOOTPROTO=none
HWADDR=bc:76:4e:05:7b:15
ONBOOT=yes
%NM_CONTROLLED%
TYPE=Ethernet
SLAVE=yes
MASTER=bond1
### Write /etc/sysconfig/network-scripts/ifcfg-eth8
# Automatically generated, do not edit
DEVICE=eth8
BOOTPROTO=none
HWADDR=bc:76:4e:05:7b:16
ONBOOT=yes
%NM_CONTROLLED%
TYPE=Ethernet
SLAVE=yes
MASTER=bond1
### Write /etc/sysconfig/network-scripts/ifcfg-bond1
# Automatically generated, do not edit
DEVICE=bond1
BOOTPROTO=none
HWADDR=bc:76:4e:05:7b:15
ONBOOT=yes
%NM_CONTROLLED%
TYPE=Ethernet
### Write /etc/sysconfig/network-scripts/ifcfg-bond1.27
# Automatically generated, do not edit
DEVICE=bond1.27
BOOTPROTO=dhcp
HWADDR=bc:76:4e:12:a4:be
ONBOOT=yes
%NM_CONTROLLED%
TYPE=Ethernet
VLAN=yes
### Write /etc/sysconfig/network-scripts/route-eth1
ADDRESS0=10.176.0.0
NETMASK0=255.240.0.0
GATEWAY0=10.208.160.1
ADDRESS1=10.208.0.0
NETMASK1=255.240.0.0
GATEWAY1=10.208.160.1
