### Write /etc/resolv.conf
nameserver 69.20.0.196
nameserver 69.20.0.164
### Write /etc/sysconfig/network-scripts/ifcfg-eth0
# Automatically generated, do not edit
DEVICE=eth0
BOOTPROTO=static
HWADDR=bc:76:4e:20:d7:2f
IPADDR=146.20.110.113
NETMASK=255.255.255.0
ONBOOT=yes
%NM_CONTROLLED%
DEFROUTE=yes
GATEWAY=146.20.110.1
### Write /etc/sysconfig/network-scripts/ifcfg-eth1
# Automatically generated, do not edit
DEVICE=eth1
BOOTPROTO=static
HWADDR=bc:76:4e:20:d7:33
IPADDR=10.210.32.174
NETMASK=255.255.224.0
ONBOOT=yes
%NM_CONTROLLED%
### Write /etc/sysconfig/network-scripts/route-eth1
ADDRESS0=10.176.0.0
NETMASK0=255.240.0.0
GATEWAY0=10.210.32.1
ADDRESS1=10.208.0.0
NETMASK1=255.240.0.0
GATEWAY1=10.210.32.1
