### Write /root/.ssh/authorized_keys
# Injected key mordred by keypair extension
ssh-rsa AAAAB3NzaC1yc2EAAAADAQABAAABAQDLsTZJ8hXTmzjKxYh/7V07mIy8xl2HL+9BaUlt6A6TMsL3LSvaVQNSgmXX5g0XfPWSCKmkZb1O28q49jQI2n7n7+sHkxn0dJDxj1N2oNrzNY7pDuPrdtCijczLFdievygXNhXNkQ2WIqHXDquN/jfLLJ9L0jxtxtsUMbiL2xxZEZcaf/K5MqyPhscpqiVNE1MjE4xgPbIbv8gCKtPpYIIrktOMb4JbV7rhOp5DcSP5gXtLhOF5fbBpZ+szqrTVUcBX0oTYr3iRfOje9WPsTZIk9vBfBtF416mCNxMSRc7KhSW727AnUu85hS0xiP0MRAf69KemG1OE1pW+LtDIAEYp mordred@camelot
