    1 NTR 7.22153540243797     A  
    1 LYS 10.373619702838642   A  
    7 GLU 2.80311227400602     A  
   13 NTR 2.5473232026418158   B  
   13 LYS None                 B  
   15 HIS 5.629283755997259    B  
   18 ASP 2.498573271797926    B  
   20 CTR None                 B  
   20 TYR 9.980641127902214    B  
   21 NTR None                 C  
   23 TYR 8.515707586535786    C  
   24 SER None                 C  
   33 LYS 10.494265428727472   C  
   35 GLU 4.0597973173189      C  
   36 SER None                 C  
   40 THR None                 C  
   41 NTR 6.339947119585919    D  
   43 THR None                 D  
   47 THR None                 D  
   48 ASP 1.8867926817431817   D  
   50 SER None                 D  
   51 THR None                 D  
   52 ASP 2.077072679795452    D  
   53 TYR 10.712174156778474   D  
   60 SER None                 D  
   66 ASP 2.286443132931232    D  
   69 THR None                 D  
   72 SER None                 D  
   81 SER None                 D  
   85 SER None                 D  
   86 SER None                 D  
   87 ASP 1.9621765854063706   D  
   89 THR None                 D  
   91 SER None                 D  
   96 LYS None                 D  
   97 LYS None                 D  
  100 SER None                 D  
  101 ASP 3.4122321499169765   D  
  116 LYS 10.22102559312535    D  
  118 THR None                 D  
  119 ASP 2.4155240252772145   D  
  129 CTR 1.5108601216333621   D  
