    1 NTR 7.911460961415548    A  
    3 THR None                 A  
    4 LYS 10.267237072195853   A  
    6 THR None                 A  
    9 LYS 8.489974126778785    A  
   10 SER None                 A  
   11 THR None                 A  
   14 LYS 10.039472714543646   A  
   18 LYS 7.614718902169101    A  
   22 THR None                 A  
   23 LYS 9.658094527182026    A  
   27 LYS 10.817635575614299   A  
   28 SER None                 A  
   32 THR None                 A  
   36 LYS 10.398197647777607   A  
   37 LYS 11.234171216257204   A  
   39 HIS 8.619424255379792    A  
   41 TYR 13.723361232240821   A  
   45 THR None                 A  
   50 GLU 3.102139215251607    A  
   54 TYR 10.83160066303917    A  
   56 LYS 10.443918445922296   A  
   57 SER None                 A  
   58 THR None                 A  
   59 GLU 2.9811499919185387   A  
   64 LYS 10.72633048559488    A  
   73 GLU 3.425082973139858    A  
   77 ASP 4.563932625411937    A  
   79 LYS 10.861795321034732   A  
   80 THR None                 A  
   81 ASP 2.6472602739726026   A  
   86 SER None                 A  
   87 SER None                 A  
   94 GLU 2.3503348789283875   A  
   96 SER None                 A  
   97 GLU 0.2868671554139638   A  
   99 TYR 12.745682322485207   A  
  105 GLU 4.3560364988689955   A  
  106 ASP 2.835617991424802    A  
  107 THR None                 A  
  110 CYS 13.400614520901298   A  
  113 HIS 3.320579413270905    A  
  115 LYS 10.39996134111197    A  
  118 THR None                 A  
  122 LYS 8.964280662045551    A  
  123 ASP None                 A  
  133 GLU 0.7206369197553076   A  
  135 CTR 3.22337196972467     A  
